knn 4 
('accuracy: ', 0.93999999999999995)
Adaboost
('accuracy: ', 0.92400000000000004)
randomforest
('accuracy: ', 0.90400000000000003)

SyntaxError: invalid syntax
>>> for k in enron_data:
...  n+= 1 if enron_data[k]['poi'] == True else 0


>>> m = 0
>>> for k in enron_data:
...  m += 1 if not enron_data[k]['email_address'] == 'NaN' else 0
...
>>> m
111
>>> n = 0
>>> for k in enron_data:
...  n += 1 if not enron_data[k]['salary'] == 'NaN' else 0
...
>>> n